timestamp: 2026-06-23T05:53:45.756Z
url: https://e14segundavueltapresidente.registraduria.gov.co/assets/temis/pdf/13/001/006/12/001/PRE/8eef2e33614a2991158c6b10029c4287c76196edb808d6c62697c8d93e46106d.pdf
error: ENOENT: no such file or directory, open '/home/krishanheredia/Coding/research/e-14-scraper/pdfs/13-001-006-12-001-001-8eef2e33614a2991158c6b10029c4287c76196edb808d6c62697c8d93e46106d.pdf'
department: CORDOBA
municipality: MONTERIA
zone: Zona 06
stand: CENTRO COMERCIAL ALAMEDAS
idDepartmentCode: 13
municipalityCode: 001
idZoneCode: 06
idCorporationCode: 001
standCode: 12
numberStand: 001
idTransmissionCode: 3763419
---
timestamp: 2026-06-23T05:53:46.585Z
url: https://e14segundavueltapresidente.registraduria.gov.co/assets/temis/pdf/13/001/006/12/002/PRE/215c253dc83e17ebabaae0ae519d2b6436364067c0467c7aba8c4895f0da005f.pdf
error: ENOENT: no such file or directory, open '/home/krishanheredia/Coding/research/e-14-scraper/pdfs/13-001-006-12-002-001-215c253dc83e17ebabaae0ae519d2b6436364067c0467c7aba8c4895f0da005f.pdf'
department: CORDOBA
municipality: MONTERIA
zone: Zona 06
stand: CENTRO COMERCIAL ALAMEDAS
idDepartmentCode: 13
municipalityCode: 001
idZoneCode: 06
idCorporationCode: 001
standCode: 12
numberStand: 002
idTransmissionCode: 2763213
---
timestamp: 2026-06-23T05:53:47.522Z
url: https://e14segundavueltapresidente.registraduria.gov.co/assets/temis/pdf/13/001/006/12/003/PRE/ce8df0103b328ae4b485829dd56922234d75d35e983a22c7a97cf6bc21b3b113.pdf
error: ENOENT: no such file or directory, open '/home/krishanheredia/Coding/research/e-14-scraper/pdfs/13-001-006-12-003-001-ce8df0103b328ae4b485829dd56922234d75d35e983a22c7a97cf6bc21b3b113.pdf'
department: CORDOBA
municipality: MONTERIA
zone: Zona 06
stand: CENTRO COMERCIAL ALAMEDAS
idDepartmentCode: 13
municipalityCode: 001
idZoneCode: 06
idCorporationCode: 001
standCode: 12
numberStand: 003
idTransmissionCode: 6378614
---
timestamp: 2026-06-23T05:53:48.799Z
url: https://e14segundavueltapresidente.registraduria.gov.co/assets/temis/pdf/13/001/006/12/004/PRE/7137d187b93b5881592c7c9780dab1c6821d0574dcec0a646818411bdfd8e2da.pdf
error: ENOENT: no such file or directory, open '/home/krishanheredia/Coding/research/e-14-scraper/pdfs/13-001-006-12-004-001-7137d187b93b5881592c7c9780dab1c6821d0574dcec0a646818411bdfd8e2da.pdf'
department: CORDOBA
municipality: MONTERIA
zone: Zona 06
stand: CENTRO COMERCIAL ALAMEDAS
idDepartmentCode: 13
municipalityCode: 001
idZoneCode: 06
idCorporationCode: 001
standCode: 12
numberStand: 004
idTransmissionCode: 6327713
---
timestamp: 2026-06-23T05:53:50.329Z
url: https://e14segundavueltapresidente.registraduria.gov.co/assets/temis/pdf/13/001/006/12/005/PRE/224565fd36843a227129dc8bf436cff73b2dd34b03aaa4bc76ad2f05d4cc3379.pdf
error: ENOENT: no such file or directory, open '/home/krishanheredia/Coding/research/e-14-scraper/pdfs/13-001-006-12-005-001-224565fd36843a227129dc8bf436cff73b2dd34b03aaa4bc76ad2f05d4cc3379.pdf'
department: CORDOBA
municipality: MONTERIA
zone: Zona 06
stand: CENTRO COMERCIAL ALAMEDAS
idDepartmentCode: 13
municipalityCode: 001
idZoneCode: 06
idCorporationCode: 001
standCode: 12
numberStand: 005
idTransmissionCode: 6022217
---
timestamp: 2026-06-23T05:53:51.458Z
url: https://e14segundavueltapresidente.registraduria.gov.co/assets/temis/pdf/13/001/006/12/006/PRE/71e927a814314bc328c2200b148779264527374555eecf67cd9fece2bab3add2.pdf
error: ENOENT: no such file or directory, open '/home/krishanheredia/Coding/research/e-14-scraper/pdfs/13-001-006-12-006-001-71e927a814314bc328c2200b148779264527374555eecf67cd9fece2bab3add2.pdf'
department: CORDOBA
municipality: MONTERIA
zone: Zona 06
stand: CENTRO COMERCIAL ALAMEDAS
idDepartmentCode: 13
municipalityCode: 001
idZoneCode: 06
idCorporationCode: 001
standCode: 12
numberStand: 006
idTransmissionCode: 3995918
---
timestamp: 2026-06-23T05:53:52.972Z
url: https://e14segundavueltapresidente.registraduria.gov.co/assets/temis/pdf/13/001/006/12/007/PRE/3ae8738505490747340bab974b0981aee8e2239ee84145057696ec38fa61c8d7.pdf
error: ENOENT: no such file or directory, open '/home/krishanheredia/Coding/research/e-14-scraper/pdfs/13-001-006-12-007-001-3ae8738505490747340bab974b0981aee8e2239ee84145057696ec38fa61c8d7.pdf'
department: CORDOBA
municipality: MONTERIA
zone: Zona 06
stand: CENTRO COMERCIAL ALAMEDAS
idDepartmentCode: 13
municipalityCode: 001
idZoneCode: 06
idCorporationCode: 001
standCode: 12
numberStand: 007
idTransmissionCode: 8561810
---
timestamp: 2026-06-23T05:53:53.846Z
url: https://e14segundavueltapresidente.registraduria.gov.co/assets/temis/pdf/13/001/006/12/008/PRE/e5facd2fbcb089eefd2f1f1f39a334535d4a1a8561b5433ede8e2a5d72e31af8.pdf
error: ENOENT: no such file or directory, open '/home/krishanheredia/Coding/research/e-14-scraper/pdfs/13-001-006-12-008-001-e5facd2fbcb089eefd2f1f1f39a334535d4a1a8561b5433ede8e2a5d72e31af8.pdf'
department: CORDOBA
municipality: MONTERIA
zone: Zona 06
stand: CENTRO COMERCIAL ALAMEDAS
idDepartmentCode: 13
municipalityCode: 001
idZoneCode: 06
idCorporationCode: 001
standCode: 12
numberStand: 008
idTransmissionCode: 6590914
---
timestamp: 2026-06-23T05:53:55.401Z
url: https://e14segundavueltapresidente.registraduria.gov.co/assets/temis/pdf/13/001/006/13/001/PRE/4382c4addfd30754dca249c986c2a86eb6554486f637741512a5df0d88020807.pdf
error: ENOENT: no such file or directory, open '/home/krishanheredia/Coding/research/e-14-scraper/pdfs/13-001-006-13-001-001-4382c4addfd30754dca249c986c2a86eb6554486f637741512a5df0d88020807.pdf'
department: CORDOBA
municipality: MONTERIA
zone: Zona 06
stand: CENTRO COMERCIAL  NUESTRO DE MONTERIA
idDepartmentCode: 13
municipalityCode: 001
idZoneCode: 06
idCorporationCode: 001
standCode: 13
numberStand: 001
idTransmissionCode: 7086617
---
timestamp: 2026-06-23T05:53:56.733Z
url: https://e14segundavueltapresidente.registraduria.gov.co/assets/temis/pdf/13/001/006/13/002/PRE/2cb405c5ab0c7fd0684f49a505afda7fa72ced4392d3c92bfcbbbe85c4491a5a.pdf
error: ENOENT: no such file or directory, open '/home/krishanheredia/Coding/research/e-14-scraper/pdfs/13-001-006-13-002-001-2cb405c5ab0c7fd0684f49a505afda7fa72ced4392d3c92bfcbbbe85c4491a5a.pdf'
department: CORDOBA
municipality: MONTERIA
zone: Zona 06
stand: CENTRO COMERCIAL  NUESTRO DE MONTERIA
idDepartmentCode: 13
municipalityCode: 001
idZoneCode: 06
idCorporationCode: 001
standCode: 13
numberStand: 002
idTransmissionCode: 3809711
---
timestamp: 2026-06-23T05:53:58.263Z
url: https://e14segundavueltapresidente.registraduria.gov.co/assets/temis/pdf/13/001/006/13/003/PRE/9bdb0249ddd17867d847f3899c0ac796cd4840be27fc323c2e5ae364990f178a.pdf
error: ENOENT: no such file or directory, open '/home/krishanheredia/Coding/research/e-14-scraper/pdfs/13-001-006-13-003-001-9bdb0249ddd17867d847f3899c0ac796cd4840be27fc323c2e5ae364990f178a.pdf'
department: CORDOBA
municipality: MONTERIA
zone: Zona 06
stand: CENTRO COMERCIAL  NUESTRO DE MONTERIA
idDepartmentCode: 13
municipalityCode: 001
idZoneCode: 06
idCorporationCode: 001
standCode: 13
numberStand: 003
idTransmissionCode: 3322412
---
timestamp: 2026-06-23T05:53:59.952Z
url: https://e14segundavueltapresidente.registraduria.gov.co/assets/temis/pdf/13/001/006/13/004/PRE/85eef6d51a78d95d84d1e395322a54c5be3e0d16c7033688cfcfa10442d07151.pdf
error: ENOENT: no such file or directory, open '/home/krishanheredia/Coding/research/e-14-scraper/pdfs/13-001-006-13-004-001-85eef6d51a78d95d84d1e395322a54c5be3e0d16c7033688cfcfa10442d07151.pdf'
department: CORDOBA
municipality: MONTERIA
zone: Zona 06
stand: CENTRO COMERCIAL  NUESTRO DE MONTERIA
idDepartmentCode: 13
municipalityCode: 001
idZoneCode: 06
idCorporationCode: 001
standCode: 13
numberStand: 004
idTransmissionCode: 8103910
---
timestamp: 2026-06-23T05:54:01.416Z
url: https://e14segundavueltapresidente.registraduria.gov.co/assets/temis/pdf/13/001/006/13/005/PRE/eadcd03e73085c1f58cbc053cf63174fb211b671b71acc8ec1f7fb1ba5ba2189.pdf
error: ENOENT: no such file or directory, open '/home/krishanheredia/Coding/research/e-14-scraper/pdfs/13-001-006-13-005-001-eadcd03e73085c1f58cbc053cf63174fb211b671b71acc8ec1f7fb1ba5ba2189.pdf'
department: CORDOBA
municipality: MONTERIA
zone: Zona 06
stand: CENTRO COMERCIAL  NUESTRO DE MONTERIA
idDepartmentCode: 13
municipalityCode: 001
idZoneCode: 06
idCorporationCode: 001
standCode: 13
numberStand: 005
idTransmissionCode: 2567317
---
timestamp: 2026-06-23T05:54:02.448Z
url: https://e14segundavueltapresidente.registraduria.gov.co/assets/temis/pdf/13/001/006/13/006/PRE/38ae1431dbce6a975cb24018bf4b72a20be4592ae618f4f7f22a9733f88441e5.pdf
error: ENOENT: no such file or directory, open '/home/krishanheredia/Coding/research/e-14-scraper/pdfs/13-001-006-13-006-001-38ae1431dbce6a975cb24018bf4b72a20be4592ae618f4f7f22a9733f88441e5.pdf'
department: CORDOBA
municipality: MONTERIA
zone: Zona 06
stand: CENTRO COMERCIAL  NUESTRO DE MONTERIA
idDepartmentCode: 13
municipalityCode: 001
idZoneCode: 06
idCorporationCode: 001
standCode: 13
numberStand: 006
idTransmissionCode: 6926913
---
timestamp: 2026-06-23T05:54:04.100Z
url: https://e14segundavueltapresidente.registraduria.gov.co/assets/temis/pdf/13/001/006/13/007/PRE/ecc5808480a5f1d07957b4272257cb6ac632c08a080b47021c7b19d61c66fb03.pdf
error: ENOENT: no such file or directory, open '/home/krishanheredia/Coding/research/e-14-scraper/pdfs/13-001-006-13-007-001-ecc5808480a5f1d07957b4272257cb6ac632c08a080b47021c7b19d61c66fb03.pdf'
department: CORDOBA
municipality: MONTERIA
zone: Zona 06
stand: CENTRO COMERCIAL  NUESTRO DE MONTERIA
idDepartmentCode: 13
municipalityCode: 001
idZoneCode: 06
idCorporationCode: 001
standCode: 13
numberStand: 007
idTransmissionCode: 4298910
---
timestamp: 2026-06-23T05:54:05.086Z
url: https://e14segundavueltapresidente.registraduria.gov.co/assets/temis/pdf/13/001/007/01/001/PRE/95161dd18a1d12832644b48213e5399493907dde70a63078fcc60d67d2e46f69.pdf
error: ENOENT: no such file or directory, open '/home/krishanheredia/Coding/research/e-14-scraper/pdfs/13-001-007-01-001-001-95161dd18a1d12832644b48213e5399493907dde70a63078fcc60d67d2e46f69.pdf'
department: CORDOBA
municipality: MONTERIA
zone: Zona 07
stand: IE CAMILO TORRES - MOCARI
idDepartmentCode: 13
municipalityCode: 001
idZoneCode: 07
idCorporationCode: 001
standCode: 01
numberStand: 001
idTransmissionCode: 3876516
---
timestamp: 2026-06-23T05:54:06.528Z
url: https://e14segundavueltapresidente.registraduria.gov.co/assets/temis/pdf/13/001/007/01/002/PRE/0090d8adfe0243bfd600d553c3e71125ad23cea95e7957a32063b638e1725bc4.pdf
error: ENOENT: no such file or directory, open '/home/krishanheredia/Coding/research/e-14-scraper/pdfs/13-001-007-01-002-001-0090d8adfe0243bfd600d553c3e71125ad23cea95e7957a32063b638e1725bc4.pdf'
department: CORDOBA
municipality: MONTERIA
zone: Zona 07
stand: IE CAMILO TORRES - MOCARI
idDepartmentCode: 13
municipalityCode: 001
idZoneCode: 07
idCorporationCode: 001
standCode: 01
numberStand: 002
idTransmissionCode: 8837612
---
timestamp: 2026-06-23T05:54:07.481Z
url: https://e14segundavueltapresidente.registraduria.gov.co/assets/temis/pdf/13/001/007/01/003/PRE/575b2f040e50f324b10455b4847eeeadd3ef7d5843420b8d420d0b46c3a9a62a.pdf
error: ENOENT: no such file or directory, open '/home/krishanheredia/Coding/research/e-14-scraper/pdfs/13-001-007-01-003-001-575b2f040e50f324b10455b4847eeeadd3ef7d5843420b8d420d0b46c3a9a62a.pdf'
department: CORDOBA
municipality: MONTERIA
zone: Zona 07
stand: IE CAMILO TORRES - MOCARI
idDepartmentCode: 13
municipalityCode: 001
idZoneCode: 07
idCorporationCode: 001
standCode: 01
numberStand: 003
idTransmissionCode: 2266118
---
timestamp: 2026-06-23T05:54:09.074Z
url: https://e14segundavueltapresidente.registraduria.gov.co/assets/temis/pdf/13/001/007/01/004/PRE/84afa1a9197cc0e40ecc235deebc6115a9b197fc7af8499e2b026fc588fd883b.pdf
error: ENOENT: no such file or directory, open '/home/krishanheredia/Coding/research/e-14-scraper/pdfs/13-001-007-01-004-001-84afa1a9197cc0e40ecc235deebc6115a9b197fc7af8499e2b026fc588fd883b.pdf'
department: CORDOBA
municipality: MONTERIA
zone: Zona 07
stand: IE CAMILO TORRES - MOCARI
idDepartmentCode: 13
municipalityCode: 001
idZoneCode: 07
idCorporationCode: 001
standCode: 01
numberStand: 004
idTransmissionCode: 7392519
---
timestamp: 2026-06-23T05:54:10.329Z
url: https://e14segundavueltapresidente.registraduria.gov.co/assets/temis/pdf/13/001/007/01/005/PRE/a0857aa50de3ef9a2a37e0b5dc6c1b6b9f4d45c3fd33f5ddc2c31b2b133c4d72.pdf
error: ENOENT: no such file or directory, open '/home/krishanheredia/Coding/research/e-14-scraper/pdfs/13-001-007-01-005-001-a0857aa50de3ef9a2a37e0b5dc6c1b6b9f4d45c3fd33f5ddc2c31b2b133c4d72.pdf'
department: CORDOBA
municipality: MONTERIA
zone: Zona 07
stand: IE CAMILO TORRES - MOCARI
idDepartmentCode: 13
municipalityCode: 001
idZoneCode: 07
idCorporationCode: 001
standCode: 01
numberStand: 005
idTransmissionCode: 2289716
---
timestamp: 2026-06-23T05:54:11.911Z
url: https://e14segundavueltapresidente.registraduria.gov.co/assets/temis/pdf/13/001/007/01/006/PRE/0effb4ca5c8326c3f9bf20636a874cc6d2d18a7315553d44eac03baf543dcf4e.pdf
error: ENOENT: no such file or directory, open '/home/krishanheredia/Coding/research/e-14-scraper/pdfs/13-001-007-01-006-001-0effb4ca5c8326c3f9bf20636a874cc6d2d18a7315553d44eac03baf543dcf4e.pdf'
department: CORDOBA
municipality: MONTERIA
zone: Zona 07
stand: IE CAMILO TORRES - MOCARI
idDepartmentCode: 13
municipalityCode: 001
idZoneCode: 07
idCorporationCode: 001
standCode: 01
numberStand: 006
idTransmissionCode: 7887610
---
timestamp: 2026-06-23T05:54:13.488Z
url: https://e14segundavueltapresidente.registraduria.gov.co/assets/temis/pdf/13/001/007/01/007/PRE/7cd5f3fca5e0b6707248f860e4757601c2a34eb05f330ff4acbc175e399cb15b.pdf
error: ENOENT: no such file or directory, open '/home/krishanheredia/Coding/research/e-14-scraper/pdfs/13-001-007-01-007-001-7cd5f3fca5e0b6707248f860e4757601c2a34eb05f330ff4acbc175e399cb15b.pdf'
department: CORDOBA
municipality: MONTERIA
zone: Zona 07
stand: IE CAMILO TORRES - MOCARI
idDepartmentCode: 13
municipalityCode: 001
idZoneCode: 07
idCorporationCode: 001
standCode: 01
numberStand: 007
idTransmissionCode: 6037619
---
timestamp: 2026-06-23T05:54:14.295Z
url: https://e14segundavueltapresidente.registraduria.gov.co/assets/temis/pdf/13/001/007/01/008/PRE/48112b625d6777172c01debda4cd42673d923ca8b464bca00f6929aeb71f1880.pdf
error: ENOENT: no such file or directory, open '/home/krishanheredia/Coding/research/e-14-scraper/pdfs/13-001-007-01-008-001-48112b625d6777172c01debda4cd42673d923ca8b464bca00f6929aeb71f1880.pdf'
department: CORDOBA
municipality: MONTERIA
zone: Zona 07
stand: IE CAMILO TORRES - MOCARI
idDepartmentCode: 13
municipalityCode: 001
idZoneCode: 07
idCorporationCode: 001
standCode: 01
numberStand: 008
idTransmissionCode: 4075815
---
timestamp: 2026-06-23T05:54:15.424Z
url: https://e14segundavueltapresidente.registraduria.gov.co/assets/temis/pdf/13/001/007/01/009/PRE/415fa717f82264091b58a2fd42ef2c0a8a186c8ac821513b5ab3df3a9606e3ca.pdf
error: ENOENT: no such file or directory, open '/home/krishanheredia/Coding/research/e-14-scraper/pdfs/13-001-007-01-009-001-415fa717f82264091b58a2fd42ef2c0a8a186c8ac821513b5ab3df3a9606e3ca.pdf'
department: CORDOBA
municipality: MONTERIA
zone: Zona 07
stand: IE CAMILO TORRES - MOCARI
idDepartmentCode: 13
municipalityCode: 001
idZoneCode: 07
idCorporationCode: 001
standCode: 01
numberStand: 009
idTransmissionCode: 6015213
---
timestamp: 2026-06-23T05:54:16.847Z
url: https://e14segundavueltapresidente.registraduria.gov.co/assets/temis/pdf/13/001/007/01/010/PRE/6b71c7d6e206599331cc8c5b71470f3d927827885753073815aba743dd654ee6.pdf
error: ENOENT: no such file or directory, open '/home/krishanheredia/Coding/research/e-14-scraper/pdfs/13-001-007-01-010-001-6b71c7d6e206599331cc8c5b71470f3d927827885753073815aba743dd654ee6.pdf'
department: CORDOBA
municipality: MONTERIA
zone: Zona 07
stand: IE CAMILO TORRES - MOCARI
idDepartmentCode: 13
municipalityCode: 001
idZoneCode: 07
idCorporationCode: 001
standCode: 01
numberStand: 010
idTransmissionCode: 2158516
---
timestamp: 2026-06-23T05:54:17.665Z
url: https://e14segundavueltapresidente.registraduria.gov.co/assets/temis/pdf/13/001/007/01/011/PRE/0bde67d7d593a0a7f57b620b9eb62584b534b3abb1daad9ee17455e40a0bb21d.pdf
error: ENOENT: no such file or directory, open '/home/krishanheredia/Coding/research/e-14-scraper/pdfs/13-001-007-01-011-001-0bde67d7d593a0a7f57b620b9eb62584b534b3abb1daad9ee17455e40a0bb21d.pdf'
department: CORDOBA
municipality: MONTERIA
zone: Zona 07
stand: IE CAMILO TORRES - MOCARI
idDepartmentCode: 13
municipalityCode: 001
idZoneCode: 07
idCorporationCode: 001
standCode: 01
numberStand: 011
idTransmissionCode: 5055916
---
timestamp: 2026-06-23T05:54:19.081Z
url: https://e14segundavueltapresidente.registraduria.gov.co/assets/temis/pdf/13/001/007/01/012/PRE/1e3e25cbbfdd253a0059cb6e9012a7f43f757342fdff9236a8d305eb705b97c9.pdf
error: ENOENT: no such file or directory, open '/home/krishanheredia/Coding/research/e-14-scraper/pdfs/13-001-007-01-012-001-1e3e25cbbfdd253a0059cb6e9012a7f43f757342fdff9236a8d305eb705b97c9.pdf'
department: CORDOBA
municipality: MONTERIA
zone: Zona 07
stand: IE CAMILO TORRES - MOCARI
idDepartmentCode: 13
municipalityCode: 001
idZoneCode: 07
idCorporationCode: 001
standCode: 01
numberStand: 012
idTransmissionCode: 6606617
---
timestamp: 2026-06-23T05:54:20.818Z
url: https://e14segundavueltapresidente.registraduria.gov.co/assets/temis/pdf/13/001/007/01/013/PRE/ed452a42e752d3dc5b044bc960c0bec3f3e14f03e4485fb9bc14638b1515499f.pdf
error: ENOENT: no such file or directory, open '/home/krishanheredia/Coding/research/e-14-scraper/pdfs/13-001-007-01-013-001-ed452a42e752d3dc5b044bc960c0bec3f3e14f03e4485fb9bc14638b1515499f.pdf'
department: CORDOBA
municipality: MONTERIA
zone: Zona 07
stand: IE CAMILO TORRES - MOCARI
idDepartmentCode: 13
municipalityCode: 001
idZoneCode: 07
idCorporationCode: 001
standCode: 01
numberStand: 013
idTransmissionCode: 3481316
---
timestamp: 2026-06-23T05:54:21.935Z
url: https://e14segundavueltapresidente.registraduria.gov.co/assets/temis/pdf/13/001/007/01/014/PRE/ba3d4ce11d648323648382841624e9e62cd97f15b9766f222a56610fc6e46ffc.pdf
error: ENOENT: no such file or directory, open '/home/krishanheredia/Coding/research/e-14-scraper/pdfs/13-001-007-01-014-001-ba3d4ce11d648323648382841624e9e62cd97f15b9766f222a56610fc6e46ffc.pdf'
department: CORDOBA
municipality: MONTERIA
zone: Zona 07
stand: IE CAMILO TORRES - MOCARI
idDepartmentCode: 13
municipalityCode: 001
idZoneCode: 07
idCorporationCode: 001
standCode: 01
numberStand: 014
idTransmissionCode: 5507014
---
timestamp: 2026-06-23T05:54:23.290Z
url: https://e14segundavueltapresidente.registraduria.gov.co/assets/temis/pdf/13/001/007/01/015/PRE/b47ec6f77535beeb1077d39ecb0f229cc0e4c576384a557f05bb0e14d1b6fe2a.pdf
error: ENOENT: no such file or directory, open '/home/krishanheredia/Coding/research/e-14-scraper/pdfs/13-001-007-01-015-001-b47ec6f77535beeb1077d39ecb0f229cc0e4c576384a557f05bb0e14d1b6fe2a.pdf'
department: CORDOBA
municipality: MONTERIA
zone: Zona 07
stand: IE CAMILO TORRES - MOCARI
idDepartmentCode: 13
municipalityCode: 001
idZoneCode: 07
idCorporationCode: 001
standCode: 01
numberStand: 015
idTransmissionCode: 8792618
---
timestamp: 2026-06-23T05:54:24.285Z
url: https://e14segundavueltapresidente.registraduria.gov.co/assets/temis/pdf/13/001/007/01/016/PRE/657c7bc2a0f6790874d34e9c4520031e5355c5404b8263353d96234d6fc28581.pdf
error: ENOENT: no such file or directory, open '/home/krishanheredia/Coding/research/e-14-scraper/pdfs/13-001-007-01-016-001-657c7bc2a0f6790874d34e9c4520031e5355c5404b8263353d96234d6fc28581.pdf'
department: CORDOBA
municipality: MONTERIA
zone: Zona 07
stand: IE CAMILO TORRES - MOCARI
idDepartmentCode: 13
municipalityCode: 001
idZoneCode: 07
idCorporationCode: 001
standCode: 01
numberStand: 016
idTransmissionCode: 5171918
---
timestamp: 2026-06-23T05:54:25.884Z
url: https://e14segundavueltapresidente.registraduria.gov.co/assets/temis/pdf/13/001/007/01/017/PRE/9bbbcbe5fc860438e167cbb289de2c01dd32ebeada4786d373625790b8757565.pdf
error: ENOENT: no such file or directory, open '/home/krishanheredia/Coding/research/e-14-scraper/pdfs/13-001-007-01-017-001-9bbbcbe5fc860438e167cbb289de2c01dd32ebeada4786d373625790b8757565.pdf'
department: CORDOBA
municipality: MONTERIA
zone: Zona 07
stand: IE CAMILO TORRES - MOCARI
idDepartmentCode: 13
municipalityCode: 001
idZoneCode: 07
idCorporationCode: 001
standCode: 01
numberStand: 017
idTransmissionCode: 8478815
---
timestamp: 2026-06-23T05:54:27.022Z
url: https://e14segundavueltapresidente.registraduria.gov.co/assets/temis/pdf/13/001/007/01/018/PRE/13becd110fdc4c28a75ff6fb46e4414ac86262ed1f3bd67bdbc663595b344d00.pdf
error: ENOENT: no such file or directory, open '/home/krishanheredia/Coding/research/e-14-scraper/pdfs/13-001-007-01-018-001-13becd110fdc4c28a75ff6fb46e4414ac86262ed1f3bd67bdbc663595b344d00.pdf'
department: CORDOBA
municipality: MONTERIA
zone: Zona 07
stand: IE CAMILO TORRES - MOCARI
idDepartmentCode: 13
municipalityCode: 001
idZoneCode: 07
idCorporationCode: 001
standCode: 01
numberStand: 018
idTransmissionCode: 5479218
---
timestamp: 2026-06-23T05:54:28.076Z
url: https://e14segundavueltapresidente.registraduria.gov.co/assets/temis/pdf/13/001/007/01/019/PRE/c9c9885c349b9af3af054b9666f5402f24d3d3762bd36cd6b0618ac4ac27ee50.pdf
error: ENOENT: no such file or directory, open '/home/krishanheredia/Coding/research/e-14-scraper/pdfs/13-001-007-01-019-001-c9c9885c349b9af3af054b9666f5402f24d3d3762bd36cd6b0618ac4ac27ee50.pdf'
department: CORDOBA
municipality: MONTERIA
zone: Zona 07
stand: IE CAMILO TORRES - MOCARI
idDepartmentCode: 13
municipalityCode: 001
idZoneCode: 07
idCorporationCode: 001
standCode: 01
numberStand: 019
idTransmissionCode: 4801512
---
timestamp: 2026-06-23T05:54:29.211Z
url: https://e14segundavueltapresidente.registraduria.gov.co/assets/temis/pdf/13/001/007/01/020/PRE/848f5ea98a9d75aee736ebfef7dcbeb8c90b6ec02d79bf86916a4811d565db9c.pdf
error: ENOENT: no such file or directory, open '/home/krishanheredia/Coding/research/e-14-scraper/pdfs/13-001-007-01-020-001-848f5ea98a9d75aee736ebfef7dcbeb8c90b6ec02d79bf86916a4811d565db9c.pdf'
department: CORDOBA
municipality: MONTERIA
zone: Zona 07
stand: IE CAMILO TORRES - MOCARI
idDepartmentCode: 13
municipalityCode: 001
idZoneCode: 07
idCorporationCode: 001
standCode: 01
numberStand: 020
idTransmissionCode: 4545015
---
timestamp: 2026-06-23T05:54:30.654Z
url: https://e14segundavueltapresidente.registraduria.gov.co/assets/temis/pdf/13/001/007/01/021/PRE/db8dc1b64208047650d417161dc0368df0fb5bad6a4a7b207e4535893c0db408.pdf
error: ENOENT: no such file or directory, open '/home/krishanheredia/Coding/research/e-14-scraper/pdfs/13-001-007-01-021-001-db8dc1b64208047650d417161dc0368df0fb5bad6a4a7b207e4535893c0db408.pdf'
department: CORDOBA
municipality: MONTERIA
zone: Zona 07
stand: IE CAMILO TORRES - MOCARI
idDepartmentCode: 13
municipalityCode: 001
idZoneCode: 07
idCorporationCode: 001
standCode: 01
numberStand: 021
idTransmissionCode: 2553116
---
timestamp: 2026-06-23T05:54:31.715Z
url: https://e14segundavueltapresidente.registraduria.gov.co/assets/temis/pdf/13/001/007/01/022/PRE/6dc0022552728ebfe753f73a32860d48889ba053a5da479af642526becc2f270.pdf
error: ENOENT: no such file or directory, open '/home/krishanheredia/Coding/research/e-14-scraper/pdfs/13-001-007-01-022-001-6dc0022552728ebfe753f73a32860d48889ba053a5da479af642526becc2f270.pdf'
department: CORDOBA
municipality: MONTERIA
zone: Zona 07
stand: IE CAMILO TORRES - MOCARI
idDepartmentCode: 13
municipalityCode: 001
idZoneCode: 07
idCorporationCode: 001
standCode: 01
numberStand: 022
idTransmissionCode: 5837018
---
timestamp: 2026-06-23T05:54:33.453Z
url: https://e14segundavueltapresidente.registraduria.gov.co/assets/temis/pdf/13/001/007/01/023/PRE/554f51ef6db85170791f1e0a8f0147fb535451316918b32bc6459ba04e28c561.pdf
error: ENOENT: no such file or directory, open '/home/krishanheredia/Coding/research/e-14-scraper/pdfs/13-001-007-01-023-001-554f51ef6db85170791f1e0a8f0147fb535451316918b32bc6459ba04e28c561.pdf'
department: CORDOBA
municipality: MONTERIA
zone: Zona 07
stand: IE CAMILO TORRES - MOCARI
idDepartmentCode: 13
municipalityCode: 001
idZoneCode: 07
idCorporationCode: 001
standCode: 01
numberStand: 023
idTransmissionCode: 8161317
---
timestamp: 2026-06-23T05:54:34.853Z
url: https://e14segundavueltapresidente.registraduria.gov.co/assets/temis/pdf/13/001/007/01/024/PRE/79d28a981c292bcd6f822d639c0e1ef11b21ba76ca0853a6c4ac067130fd16f3.pdf
error: ENOENT: no such file or directory, open '/home/krishanheredia/Coding/research/e-14-scraper/pdfs/13-001-007-01-024-001-79d28a981c292bcd6f822d639c0e1ef11b21ba76ca0853a6c4ac067130fd16f3.pdf'
department: CORDOBA
municipality: MONTERIA
zone: Zona 07
stand: IE CAMILO TORRES - MOCARI
idDepartmentCode: 13
municipalityCode: 001
idZoneCode: 07
idCorporationCode: 001
standCode: 01
numberStand: 024
idTransmissionCode: 2994916
---
timestamp: 2026-06-23T05:54:35.786Z
url: https://e14segundavueltapresidente.registraduria.gov.co/assets/temis/pdf/13/001/007/01/025/PRE/512ca17e3f88dbd4435c0bcefa6e1432064b7abd35f90cd54a84d6cb523049ab.pdf
error: ENOENT: no such file or directory, open '/home/krishanheredia/Coding/research/e-14-scraper/pdfs/13-001-007-01-025-001-512ca17e3f88dbd4435c0bcefa6e1432064b7abd35f90cd54a84d6cb523049ab.pdf'
department: CORDOBA
municipality: MONTERIA
zone: Zona 07
stand: IE CAMILO TORRES - MOCARI
idDepartmentCode: 13
municipalityCode: 001
idZoneCode: 07
idCorporationCode: 001
standCode: 01
numberStand: 025
idTransmissionCode: 8473717
---
timestamp: 2026-06-23T05:54:37.040Z
url: https://e14segundavueltapresidente.registraduria.gov.co/assets/temis/pdf/13/001/007/01/026/PRE/cc5431ac57ec4c450f46f104d38782971fbfd17fdaf6cb77c9eef07966924982.pdf
error: ENOENT: no such file or directory, open '/home/krishanheredia/Coding/research/e-14-scraper/pdfs/13-001-007-01-026-001-cc5431ac57ec4c450f46f104d38782971fbfd17fdaf6cb77c9eef07966924982.pdf'
department: CORDOBA
municipality: MONTERIA
zone: Zona 07
stand: IE CAMILO TORRES - MOCARI
idDepartmentCode: 13
municipalityCode: 001
idZoneCode: 07
idCorporationCode: 001
standCode: 01
numberStand: 026
idTransmissionCode: 8457711
---
timestamp: 2026-06-23T05:54:38.648Z
url: https://e14segundavueltapresidente.registraduria.gov.co/assets/temis/pdf/13/001/007/01/027/PRE/4490010cf32f8e19b068d7c865b41635fc6a8d61b81aa8b4e5b23e4b253068e6.pdf
error: ENOENT: no such file or directory, open '/home/krishanheredia/Coding/research/e-14-scraper/pdfs/13-001-007-01-027-001-4490010cf32f8e19b068d7c865b41635fc6a8d61b81aa8b4e5b23e4b253068e6.pdf'
department: CORDOBA
municipality: MONTERIA
zone: Zona 07
stand: IE CAMILO TORRES - MOCARI
idDepartmentCode: 13
municipalityCode: 001
idZoneCode: 07
idCorporationCode: 001
standCode: 01
numberStand: 027
idTransmissionCode: 3334215
---
timestamp: 2026-06-23T05:54:40.280Z
url: https://e14segundavueltapresidente.registraduria.gov.co/assets/temis/pdf/13/001/007/01/028/PRE/83334f55f3dfdbe7db75221117c6d7bf14da78b49a6a7a455110f9fe89afaf02.pdf
error: ENOENT: no such file or directory, open '/home/krishanheredia/Coding/research/e-14-scraper/pdfs/13-001-007-01-028-001-83334f55f3dfdbe7db75221117c6d7bf14da78b49a6a7a455110f9fe89afaf02.pdf'
department: CORDOBA
municipality: MONTERIA
zone: Zona 07
stand: IE CAMILO TORRES - MOCARI
idDepartmentCode: 13
municipalityCode: 001
idZoneCode: 07
idCorporationCode: 001
standCode: 01
numberStand: 028
idTransmissionCode: 5927614
---
timestamp: 2026-06-23T05:54:41.124Z
url: https://e14segundavueltapresidente.registraduria.gov.co/assets/temis/pdf/13/001/007/01/029/PRE/f7a3f6da5e4ea34ab6fde9ff21e7d5e8105c4242a17454ae7c5cebbfa568a40b.pdf
error: ENOENT: no such file or directory, open '/home/krishanheredia/Coding/research/e-14-scraper/pdfs/13-001-007-01-029-001-f7a3f6da5e4ea34ab6fde9ff21e7d5e8105c4242a17454ae7c5cebbfa568a40b.pdf'
department: CORDOBA
municipality: MONTERIA
zone: Zona 07
stand: IE CAMILO TORRES - MOCARI
idDepartmentCode: 13
municipalityCode: 001
idZoneCode: 07
idCorporationCode: 001
standCode: 01
numberStand: 029
idTransmissionCode: 3817112
---
timestamp: 2026-06-23T05:54:41.886Z
url: https://e14segundavueltapresidente.registraduria.gov.co/assets/temis/pdf/13/001/007/01/030/PRE/f70c52c2b055c55f17e7fcfa8831e7afe6e8838dbddf790d14f0f5c20509e25a.pdf
error: ENOENT: no such file or directory, open '/home/krishanheredia/Coding/research/e-14-scraper/pdfs/13-001-007-01-030-001-f70c52c2b055c55f17e7fcfa8831e7afe6e8838dbddf790d14f0f5c20509e25a.pdf'
department: CORDOBA
municipality: MONTERIA
zone: Zona 07
stand: IE CAMILO TORRES - MOCARI
idDepartmentCode: 13
municipalityCode: 001
idZoneCode: 07
idCorporationCode: 001
standCode: 01
numberStand: 030
idTransmissionCode: 2993818
---
timestamp: 2026-06-23T05:54:43.402Z
url: https://e14segundavueltapresidente.registraduria.gov.co/assets/temis/pdf/13/001/007/01/031/PRE/18cd710cbbe5ccbcba751648931ee438f1afc51da2c03d9efb2043ed7efe1360.pdf
error: ENOENT: no such file or directory, open '/home/krishanheredia/Coding/research/e-14-scraper/pdfs/13-001-007-01-031-001-18cd710cbbe5ccbcba751648931ee438f1afc51da2c03d9efb2043ed7efe1360.pdf'
department: CORDOBA
municipality: MONTERIA
zone: Zona 07
stand: IE CAMILO TORRES - MOCARI
idDepartmentCode: 13
municipalityCode: 001
idZoneCode: 07
idCorporationCode: 001
standCode: 01
numberStand: 031
idTransmissionCode: 8829717
---
timestamp: 2026-06-23T05:54:44.324Z
url: https://e14segundavueltapresidente.registraduria.gov.co/assets/temis/pdf/13/001/007/01/032/PRE/256209119048aadc3d9bf867496bd7f7c695aa6240b0dcc024771377fdf41088.pdf
error: ENOENT: no such file or directory, open '/home/krishanheredia/Coding/research/e-14-scraper/pdfs/13-001-007-01-032-001-256209119048aadc3d9bf867496bd7f7c695aa6240b0dcc024771377fdf41088.pdf'
department: CORDOBA
municipality: MONTERIA
zone: Zona 07
stand: IE CAMILO TORRES - MOCARI
idDepartmentCode: 13
municipalityCode: 001
idZoneCode: 07
idCorporationCode: 001
standCode: 01
numberStand: 032
idTransmissionCode: 6050215
---
timestamp: 2026-06-23T05:54:45.240Z
url: https://e14segundavueltapresidente.registraduria.gov.co/assets/temis/pdf/13/001/007/01/033/PRE/c70d484b46fe9f0decc55fbfa6638d7676a1b2df7af51c317372f794ce1865b7.pdf
error: ENOENT: no such file or directory, open '/home/krishanheredia/Coding/research/e-14-scraper/pdfs/13-001-007-01-033-001-c70d484b46fe9f0decc55fbfa6638d7676a1b2df7af51c317372f794ce1865b7.pdf'
department: CORDOBA
municipality: MONTERIA
zone: Zona 07
stand: IE CAMILO TORRES - MOCARI
idDepartmentCode: 13
municipalityCode: 001
idZoneCode: 07
idCorporationCode: 001
standCode: 01
numberStand: 033
idTransmissionCode: 6958419
---
timestamp: 2026-06-23T05:54:46.234Z
url: https://e14segundavueltapresidente.registraduria.gov.co/assets/temis/pdf/13/001/007/01/034/PRE/45c35681c91c6adf52f8fcc234679e6b5aa598234530b188e818ff056eef99d8.pdf
error: ENOENT: no such file or directory, open '/home/krishanheredia/Coding/research/e-14-scraper/pdfs/13-001-007-01-034-001-45c35681c91c6adf52f8fcc234679e6b5aa598234530b188e818ff056eef99d8.pdf'
department: CORDOBA
municipality: MONTERIA
zone: Zona 07
stand: IE CAMILO TORRES - MOCARI
idDepartmentCode: 13
municipalityCode: 001
idZoneCode: 07
idCorporationCode: 001
standCode: 01
numberStand: 034
idTransmissionCode: 2208013
---
timestamp: 2026-06-23T05:54:47.057Z
url: https://e14segundavueltapresidente.registraduria.gov.co/assets/temis/pdf/13/001/007/02/001/PRE/640063a8b85992991db20b12178e432ba2f1b97ce65d2f1c9c01a864a6a55f45.pdf
error: ENOENT: no such file or directory, open '/home/krishanheredia/Coding/research/e-14-scraper/pdfs/13-001-007-02-001-001-640063a8b85992991db20b12178e432ba2f1b97ce65d2f1c9c01a864a6a55f45.pdf'
department: CORDOBA
municipality: MONTERIA
zone: Zona 07
stand: GARZONES
idDepartmentCode: 13
municipalityCode: 001
idZoneCode: 07
idCorporationCode: 001
standCode: 02
numberStand: 001
idTransmissionCode: 2644614
---
timestamp: 2026-06-23T05:54:48.256Z
url: https://e14segundavueltapresidente.registraduria.gov.co/assets/temis/pdf/13/001/007/02/002/PRE/3ef73bb940873d2b5a0d687e1b7c26022dc1bec6ab9a4cb2da682dce4c4d5334.pdf
error: ENOENT: no such file or directory, open '/home/krishanheredia/Coding/research/e-14-scraper/pdfs/13-001-007-02-002-001-3ef73bb940873d2b5a0d687e1b7c26022dc1bec6ab9a4cb2da682dce4c4d5334.pdf'
department: CORDOBA
municipality: MONTERIA
zone: Zona 07
stand: GARZONES
idDepartmentCode: 13
municipalityCode: 001
idZoneCode: 07
idCorporationCode: 001
standCode: 02
numberStand: 002
idTransmissionCode: 4203319
---
timestamp: 2026-06-23T05:54:49.744Z
url: https://e14segundavueltapresidente.registraduria.gov.co/assets/temis/pdf/13/001/007/02/003/PRE/2ed015c262364d0b180866ce73c8c067342ee777f96d500a9af36e915ca73dd9.pdf
error: ENOENT: no such file or directory, open '/home/krishanheredia/Coding/research/e-14-scraper/pdfs/13-001-007-02-003-001-2ed015c262364d0b180866ce73c8c067342ee777f96d500a9af36e915ca73dd9.pdf'
department: CORDOBA
municipality: MONTERIA
zone: Zona 07
stand: GARZONES
idDepartmentCode: 13
municipalityCode: 001
idZoneCode: 07
idCorporationCode: 001
standCode: 02
numberStand: 003
idTransmissionCode: 7314415
---
timestamp: 2026-06-23T05:54:50.581Z
url: https://e14segundavueltapresidente.registraduria.gov.co/assets/temis/pdf/13/001/007/02/004/PRE/f12c9c710b81993b286c3b80bb3599a6f5320c2b8d70ef25299f73e78dd82396.pdf
error: ENOENT: no such file or directory, open '/home/krishanheredia/Coding/research/e-14-scraper/pdfs/13-001-007-02-004-001-f12c9c710b81993b286c3b80bb3599a6f5320c2b8d70ef25299f73e78dd82396.pdf'
department: CORDOBA
municipality: MONTERIA
zone: Zona 07
stand: GARZONES
idDepartmentCode: 13
municipalityCode: 001
idZoneCode: 07
idCorporationCode: 001
standCode: 02
numberStand: 004
idTransmissionCode: 4934012
---
timestamp: 2026-06-23T05:54:52.164Z
url: https://e14segundavueltapresidente.registraduria.gov.co/assets/temis/pdf/13/001/007/02/005/PRE/392988af62665ce42dcc520d112315bccfb85ff30f27e94810716f25c5962ce3.pdf
error: ENOENT: no such file or directory, open '/home/krishanheredia/Coding/research/e-14-scraper/pdfs/13-001-007-02-005-001-392988af62665ce42dcc520d112315bccfb85ff30f27e94810716f25c5962ce3.pdf'
department: CORDOBA
municipality: MONTERIA
zone: Zona 07
stand: GARZONES
idDepartmentCode: 13
municipalityCode: 001
idZoneCode: 07
idCorporationCode: 001
standCode: 02
numberStand: 005
idTransmissionCode: 5506914
---
timestamp: 2026-06-23T05:54:53.252Z
url: https://e14segundavueltapresidente.registraduria.gov.co/assets/temis/pdf/13/001/007/02/006/PRE/a49ddb5020776792bb6e9da35b65600f6580016fd41a21a4e52b965aace6e535.pdf
error: ENOENT: no such file or directory, open '/home/krishanheredia/Coding/research/e-14-scraper/pdfs/13-001-007-02-006-001-a49ddb5020776792bb6e9da35b65600f6580016fd41a21a4e52b965aace6e535.pdf'
department: CORDOBA
municipality: MONTERIA
zone: Zona 07
stand: GARZONES
idDepartmentCode: 13
municipalityCode: 001
idZoneCode: 07
idCorporationCode: 001
standCode: 02
numberStand: 006
idTransmissionCode: 8814314
---
timestamp: 2026-06-23T05:54:54.997Z
url: https://e14segundavueltapresidente.registraduria.gov.co/assets/temis/pdf/13/001/007/02/007/PRE/48669ef24c3a51fb3eabfe467e6e0f7a15d8a4f24605df56cc9fbe8286bfc2cd.pdf
error: ENOENT: no such file or directory, open '/home/krishanheredia/Coding/research/e-14-scraper/pdfs/13-001-007-02-007-001-48669ef24c3a51fb3eabfe467e6e0f7a15d8a4f24605df56cc9fbe8286bfc2cd.pdf'
department: CORDOBA
municipality: MONTERIA
zone: Zona 07
stand: GARZONES
idDepartmentCode: 13
municipalityCode: 001
idZoneCode: 07
idCorporationCode: 001
standCode: 02
numberStand: 007
idTransmissionCode: 7321013
---
timestamp: 2026-06-23T05:54:56.409Z
url: https://e14segundavueltapresidente.registraduria.gov.co/assets/temis/pdf/13/001/007/02/008/PRE/7f08fa193f8e8e4021cc4031c487ae91a3320098edca0f0bc8002b3988f40fb4.pdf
error: ENOENT: no such file or directory, open '/home/krishanheredia/Coding/research/e-14-scraper/pdfs/13-001-007-02-008-001-7f08fa193f8e8e4021cc4031c487ae91a3320098edca0f0bc8002b3988f40fb4.pdf'
department: CORDOBA
municipality: MONTERIA
zone: Zona 07
stand: GARZONES
idDepartmentCode: 13
municipalityCode: 001
idZoneCode: 07
idCorporationCode: 001
standCode: 02
numberStand: 008
idTransmissionCode: 3317111
---
timestamp: 2026-06-23T05:54:57.617Z
url: https://e14segundavueltapresidente.registraduria.gov.co/assets/temis/pdf/13/001/007/02/009/PRE/2d73435f64f299cf037de3d52993e8b42a6052555ebc5e423bf061cef11942cd.pdf
error: ENOENT: no such file or directory, open '/home/krishanheredia/Coding/research/e-14-scraper/pdfs/13-001-007-02-009-001-2d73435f64f299cf037de3d52993e8b42a6052555ebc5e423bf061cef11942cd.pdf'
department: CORDOBA
municipality: MONTERIA
zone: Zona 07
stand: GARZONES
idDepartmentCode: 13
municipalityCode: 001
idZoneCode: 07
idCorporationCode: 001
standCode: 02
numberStand: 009
idTransmissionCode: 8055810
---
timestamp: 2026-06-23T05:54:58.575Z
url: https://e14segundavueltapresidente.registraduria.gov.co/assets/temis/pdf/13/001/007/02/010/PRE/43677e2524030a879693149680deef580b1502fb3cb63e8bb4963c33f6763613.pdf
error: ENOENT: no such file or directory, open '/home/krishanheredia/Coding/research/e-14-scraper/pdfs/13-001-007-02-010-001-43677e2524030a879693149680deef580b1502fb3cb63e8bb4963c33f6763613.pdf'
department: CORDOBA
municipality: MONTERIA
zone: Zona 07
stand: GARZONES
idDepartmentCode: 13
municipalityCode: 001
idZoneCode: 07
idCorporationCode: 001
standCode: 02
numberStand: 010
idTransmissionCode: 8086711
---
timestamp: 2026-06-23T05:54:59.374Z
url: https://e14segundavueltapresidente.registraduria.gov.co/assets/temis/pdf/13/001/007/02/011/PRE/19e377017663d70cc3a5c1ce997727c41400a36144799d0e1aed2b2f4af622a9.pdf
error: ENOENT: no such file or directory, open '/home/krishanheredia/Coding/research/e-14-scraper/pdfs/13-001-007-02-011-001-19e377017663d70cc3a5c1ce997727c41400a36144799d0e1aed2b2f4af622a9.pdf'
department: CORDOBA
municipality: MONTERIA
zone: Zona 07
stand: GARZONES
idDepartmentCode: 13
municipalityCode: 001
idZoneCode: 07
idCorporationCode: 001
standCode: 02
numberStand: 011
idTransmissionCode: 3843010
---
timestamp: 2026-06-23T05:55:00.384Z
url: https://e14segundavueltapresidente.registraduria.gov.co/assets/temis/pdf/13/001/007/02/012/PRE/1b6edec975ec11fcf7dff15e7a733c9c8fc0315a771fbc1a6e442d2830d7b7ca.pdf
error: ENOENT: no such file or directory, open '/home/krishanheredia/Coding/research/e-14-scraper/pdfs/13-001-007-02-012-001-1b6edec975ec11fcf7dff15e7a733c9c8fc0315a771fbc1a6e442d2830d7b7ca.pdf'
department: CORDOBA
municipality: MONTERIA
zone: Zona 07
stand: GARZONES
idDepartmentCode: 13
municipalityCode: 001
idZoneCode: 07
idCorporationCode: 001
standCode: 02
numberStand: 012
idTransmissionCode: 8660615
---
timestamp: 2026-06-23T05:55:02.005Z
url: https://e14segundavueltapresidente.registraduria.gov.co/assets/temis/pdf/13/001/007/02/013/PRE/c9f95a6fe2952ec1a5cbe5d7b32987e1641752b615899a2370e5e9dbfe1d0228.pdf
error: ENOENT: no such file or directory, open '/home/krishanheredia/Coding/research/e-14-scraper/pdfs/13-001-007-02-013-001-c9f95a6fe2952ec1a5cbe5d7b32987e1641752b615899a2370e5e9dbfe1d0228.pdf'
department: CORDOBA
municipality: MONTERIA
zone: Zona 07
stand: GARZONES
idDepartmentCode: 13
municipalityCode: 001
idZoneCode: 07
idCorporationCode: 001
standCode: 02
numberStand: 013
idTransmissionCode: 7506716
---
timestamp: 2026-06-23T05:55:03.645Z
url: https://e14segundavueltapresidente.registraduria.gov.co/assets/temis/pdf/13/001/007/02/014/PRE/328d70bb3430bebf6aedfb81d897bcab100822f7c529bc963ab4364953626c44.pdf
error: ENOENT: no such file or directory, open '/home/krishanheredia/Coding/research/e-14-scraper/pdfs/13-001-007-02-014-001-328d70bb3430bebf6aedfb81d897bcab100822f7c529bc963ab4364953626c44.pdf'
department: CORDOBA
municipality: MONTERIA
zone: Zona 07
stand: GARZONES
idDepartmentCode: 13
municipalityCode: 001
idZoneCode: 07
idCorporationCode: 001
standCode: 02
numberStand: 014
idTransmissionCode: 5704910
---
timestamp: 2026-06-23T05:55:05.028Z
url: https://e14segundavueltapresidente.registraduria.gov.co/assets/temis/pdf/13/001/007/02/015/PRE/2a51c75a0589548fddd3369ec115274eada3466e7a79706e5cce9d55f6c54253.pdf
error: ENOENT: no such file or directory, open '/home/krishanheredia/Coding/research/e-14-scraper/pdfs/13-001-007-02-015-001-2a51c75a0589548fddd3369ec115274eada3466e7a79706e5cce9d55f6c54253.pdf'
department: CORDOBA
municipality: MONTERIA
zone: Zona 07
stand: GARZONES
idDepartmentCode: 13
municipalityCode: 001
idZoneCode: 07
idCorporationCode: 001
standCode: 02
numberStand: 015
idTransmissionCode: 6478012
---
timestamp: 2026-06-23T05:55:06.758Z
url: https://e14segundavueltapresidente.registraduria.gov.co/assets/temis/pdf/13/001/007/02/016/PRE/2338d0d121c2ba91734e12a8dae73b2f6ae77e0074e7491fe289441b00361b7d.pdf
error: ENOENT: no such file or directory, open '/home/krishanheredia/Coding/research/e-14-scraper/pdfs/13-001-007-02-016-001-2338d0d121c2ba91734e12a8dae73b2f6ae77e0074e7491fe289441b00361b7d.pdf'
department: CORDOBA
municipality: MONTERIA
zone: Zona 07
stand: GARZONES
idDepartmentCode: 13
municipalityCode: 001
idZoneCode: 07
idCorporationCode: 001
standCode: 02
numberStand: 016
idTransmissionCode: 5692114
---
timestamp: 2026-06-23T05:55:08.095Z
url: https://e14segundavueltapresidente.registraduria.gov.co/assets/temis/pdf/13/001/007/02/017/PRE/c4eca08b1acf2f3b59ab0fcfd8d3361810dbb756a675349fbad29ec876c1620a.pdf
error: ENOENT: no such file or directory, open '/home/krishanheredia/Coding/research/e-14-scraper/pdfs/13-001-007-02-017-001-c4eca08b1acf2f3b59ab0fcfd8d3361810dbb756a675349fbad29ec876c1620a.pdf'
department: CORDOBA
municipality: MONTERIA
zone: Zona 07
stand: GARZONES
idDepartmentCode: 13
municipalityCode: 001
idZoneCode: 07
idCorporationCode: 001
standCode: 02
numberStand: 017
idTransmissionCode: 5605216
---
timestamp: 2026-06-23T05:55:08.898Z
url: https://e14segundavueltapresidente.registraduria.gov.co/assets/temis/pdf/13/001/007/02/018/PRE/b911fbdd622cc65a1f05185e9a3fdb05f28039bf3acc6226dbab0e23d22de86e.pdf
error: ENOENT: no such file or directory, open '/home/krishanheredia/Coding/research/e-14-scraper/pdfs/13-001-007-02-018-001-b911fbdd622cc65a1f05185e9a3fdb05f28039bf3acc6226dbab0e23d22de86e.pdf'
department: CORDOBA
municipality: MONTERIA
zone: Zona 07
stand: GARZONES
idDepartmentCode: 13
municipalityCode: 001
idZoneCode: 07
idCorporationCode: 001
standCode: 02
numberStand: 018
idTransmissionCode: 7619011
---
timestamp: 2026-06-23T05:55:10.180Z
url: https://e14segundavueltapresidente.registraduria.gov.co/assets/temis/pdf/13/001/007/02/019/PRE/526989a70680828b576382b8d26e781f53a0a21e9fd9437ef278f077e9b3c0e9.pdf
error: ENOENT: no such file or directory, open '/home/krishanheredia/Coding/research/e-14-scraper/pdfs/13-001-007-02-019-001-526989a70680828b576382b8d26e781f53a0a21e9fd9437ef278f077e9b3c0e9.pdf'
department: CORDOBA
municipality: MONTERIA
zone: Zona 07
stand: GARZONES
idDepartmentCode: 13
municipalityCode: 001
idZoneCode: 07
idCorporationCode: 001
standCode: 02
numberStand: 019
idTransmissionCode: 7875916
---
timestamp: 2026-06-23T05:55:11.074Z
url: https://e14segundavueltapresidente.registraduria.gov.co/assets/temis/pdf/13/001/007/02/020/PRE/e8dd0d528ae2a77d4a068b26035a37f55cf413b37d73a599a2b5797a484cfa7f.pdf
error: ENOENT: no such file or directory, open '/home/krishanheredia/Coding/research/e-14-scraper/pdfs/13-001-007-02-020-001-e8dd0d528ae2a77d4a068b26035a37f55cf413b37d73a599a2b5797a484cfa7f.pdf'
department: CORDOBA
municipality: MONTERIA
zone: Zona 07
stand: GARZONES
idDepartmentCode: 13
municipalityCode: 001
idZoneCode: 07
idCorporationCode: 001
standCode: 02
numberStand: 020
idTransmissionCode: 5091715
---
timestamp: 2026-06-23T05:55:12.496Z
url: https://e14segundavueltapresidente.registraduria.gov.co/assets/temis/pdf/13/001/007/02/021/PRE/8d9c35b3f02d6b6edaa14efce17160c73799c35020b0b2d33a671e73f0c63f3d.pdf
error: ENOENT: no such file or directory, open '/home/krishanheredia/Coding/research/e-14-scraper/pdfs/13-001-007-02-021-001-8d9c35b3f02d6b6edaa14efce17160c73799c35020b0b2d33a671e73f0c63f3d.pdf'
department: CORDOBA
municipality: MONTERIA
zone: Zona 07
stand: GARZONES
idDepartmentCode: 13
municipalityCode: 001
idZoneCode: 07
idCorporationCode: 001
standCode: 02
numberStand: 021
idTransmissionCode: 2543514
---
